usage: foo [-h] [-foo FOO]

options:
  -h, --help  show this help message and exit
  -foo FOO    this is wordy text. this is wordy text. this is wordy text. this
              is wordy text. this is wordy text.
               
              this is wordy text. this is wordy text. this is wordy text. this
              is wordy text. this is wordy text.

this is wordy text. this is wordy text. this is wordy text. this is wordy
text. this is wordy text.
 
this is wordy text. this is wordy text. this is wordy text. this is wordy
text. this is wordy text.
